// Jest Snapshot v1, https://goo.gl/fbAQLP

exports[`Render MoviePageOverview 1`] = `
Array [
  <div
    className="movie-rating"
  >
    <div
      className="movie-rating__score"
    >
      8.9
    </div>
    <p
      className="movie-rating__meta"
    >
      <span
        className="movie-rating__level"
      >
        Very good
      </span>
      <span
        className="movie-rating__count"
      >
        240 ratings
      </span>
    </p>
  </div>,
  <div
    className="movie-card__text"
  >
    <p>
      Lorem ipsum dolor sit amet, consectetur adipisicing elit.Aspernatur cum excepturi maiores obcaecati voluptates.Aliquid culpa harum ipsum numquam voluptates!
    </p>
    <p>
      Lorem ipsum dolor sit amet, consectetur adipisicing elit. Accusantium culpa eaque earum eius ex facilis magni quia tempore, ut vero? Dolores in incidunt ipsa soluta!
    </p>
    <p
      className="movie-card__director"
    >
      <strong>
        Director: 
        Wes Andreson
      </strong>
    </p>
    <p
      className="movie-card__starring"
    >
      <strong>
        Starring: 
        Bill Murray, Edward Norton, Jude Law
      </strong>
    </p>
  </div>,
]
`;
