// Jest Snapshot v1, https://goo.gl/fbAQLP

exports[`Render App component: render default AppScreen 1`] = `
Array [
  <section
    className="movie-card"
  >
    <div
      className="movie-card__bg"
    >
      <img
        alt="The Grand Budapest Hotel"
        src="img/bg-the-grand-budapest-hotel.jpg"
      />
    </div>
    <h1
      className="visually-hidden"
    >
      WTW
    </h1>
    <header
      className="page-header movie-card__head"
    >
      <div
        className="logo"
      >
        <a
          className="logo__link"
          href="/"
          onClick={[Function]}
        >
          <span
            className="logo__letter logo__letter--1"
          >
            W
          </span>
          <span
            className="logo__letter logo__letter--2"
          >
            T
          </span>
          <span
            className="logo__letter logo__letter--3"
          >
            W
          </span>
        </a>
      </div>
      <div
        className="user-block"
      >
        <a
          className="user-block__link"
          href="/login"
          onClick={[Function]}
        >
          Sign in
        </a>
      </div>
    </header>
    <div
      className="movie-card__wrap"
    >
      <div
        className="movie-card__info"
      >
        <div
          className="movie-card__poster"
        >
          <img
            alt="The Grand Budapest Hotel poster"
            height="327"
            src="img/the-grand-budapest-hotel-poster.jpg"
            width="218"
          />
        </div>
        <div
          className="movie-card__desc"
        >
          <h2
            className="movie-card__title"
          >
            The Grand Budapest Hotel
          </h2>
          <p
            className="movie-card__meta"
          >
            <span
              className="movie-card__genre"
            >
              Drama
            </span>
            <span
              className="movie-card__year"
            >
              2014
            </span>
          </p>
          <div
            className="movie-card__buttons"
          >
            <a
              className="btn btn--play movie-card__button"
              href="/player/8"
              onClick={[Function]}
              type="button"
            >
              <svg
                fill="none"
                height="19"
                viewBox="0 0 19 19"
                width="19"
              >
                <path
                  clipRule="evenodd"
                  d="M0 0L19 9.5L0 19V0Z"
                  fill="#EEE5B5"
                  fillRule="evenodd"
                />
              </svg>
              <span>
                Play
              </span>
            </a>
            <button
              className="btn btn--list movie-card__button"
              onClick={[Function]}
              type="button"
            >
              <svg
                height="20"
                viewBox="0 0 19 20"
                width="19"
              >
                <use
                  xlinkHref="#add"
                />
              </svg>
              <span>
                My list
              </span>
            </button>
          </div>
        </div>
      </div>
    </div>
  </section>,
  <div
    className="page-content"
  >
    <section
      className="catalog"
    >
      <h2
        className="catalog__title visually-hidden"
      >
        Catalog
      </h2>
      <ul
        className="catalog__genres-list"
      >
        <li
          className="catalog__genres-item catalog__genres-item--active"
          onClick={[Function]}
        >
          <a
            className="catalog__genres-link"
            href="#"
          >
            All genres
          </a>
        </li>
        <li
          className="catalog__genres-item"
          onClick={[Function]}
        >
          <a
            className="catalog__genres-link"
            href="#"
          >
            Comedy
          </a>
        </li>
        <li
          className="catalog__genres-item"
          onClick={[Function]}
        >
          <a
            className="catalog__genres-link"
            href="#"
          >
            Drama
          </a>
        </li>
      </ul>
      <div
        className="catalog__movies-list"
      >
        <article
          className="small-movie-card catalog__movies-card"
          onClick={[Function]}
        >
          <a
            href="/films/0"
            onClick={[Function]}
          >
            <div
              className="small-movie-card__image"
              onMouseEnter={[Function]}
              onMouseLeave={[Function]}
            >
              <video
                className="player__video"
              />
            </div>
          </a>
          <h3
            className="small-movie-card__title"
          >
            <a
              className="small-movie-card__link"
              href="/films/0"
              onClick={[Function]}
            >
              Macbeth
            </a>
          </h3>
        </article>
        <article
          className="small-movie-card catalog__movies-card"
          onClick={[Function]}
        >
          <a
            href="/films/1"
            onClick={[Function]}
          >
            <div
              className="small-movie-card__image"
              onMouseEnter={[Function]}
              onMouseLeave={[Function]}
            >
              <video
                className="player__video"
              />
            </div>
          </a>
          <h3
            className="small-movie-card__title"
          >
            <a
              className="small-movie-card__link"
              href="/films/1"
              onClick={[Function]}
            >
              Aviator
            </a>
          </h3>
        </article>
        <article
          className="small-movie-card catalog__movies-card"
          onClick={[Function]}
        >
          <a
            href="/films/2"
            onClick={[Function]}
          >
            <div
              className="small-movie-card__image"
              onMouseEnter={[Function]}
              onMouseLeave={[Function]}
            >
              <video
                className="player__video"
              />
            </div>
          </a>
          <h3
            className="small-movie-card__title"
          >
            <a
              className="small-movie-card__link"
              href="/films/2"
              onClick={[Function]}
            >
              We need to talk about Kevin
            </a>
          </h3>
        </article>
        <article
          className="small-movie-card catalog__movies-card"
          onClick={[Function]}
        >
          <a
            href="/films/3"
            onClick={[Function]}
          >
            <div
              className="small-movie-card__image"
              onMouseEnter={[Function]}
              onMouseLeave={[Function]}
            >
              <video
                className="player__video"
              />
            </div>
          </a>
          <h3
            className="small-movie-card__title"
          >
            <a
              className="small-movie-card__link"
              href="/films/3"
              onClick={[Function]}
            >
              What We Do in the Shadows
            </a>
          </h3>
        </article>
        <article
          className="small-movie-card catalog__movies-card"
          onClick={[Function]}
        >
          <a
            href="/films/4"
            onClick={[Function]}
          >
            <div
              className="small-movie-card__image"
              onMouseEnter={[Function]}
              onMouseLeave={[Function]}
            >
              <video
                className="player__video"
              />
            </div>
          </a>
          <h3
            className="small-movie-card__title"
          >
            <a
              className="small-movie-card__link"
              href="/films/4"
              onClick={[Function]}
            >
              Moonrise Kingdom
            </a>
          </h3>
        </article>
        <article
          className="small-movie-card catalog__movies-card"
          onClick={[Function]}
        >
          <a
            href="/films/5"
            onClick={[Function]}
          >
            <div
              className="small-movie-card__image"
              onMouseEnter={[Function]}
              onMouseLeave={[Function]}
            >
              <video
                className="player__video"
              />
            </div>
          </a>
          <h3
            className="small-movie-card__title"
          >
            <a
              className="small-movie-card__link"
              href="/films/5"
              onClick={[Function]}
            >
              Seven Years in Tibet
            </a>
          </h3>
        </article>
        <article
          className="small-movie-card catalog__movies-card"
          onClick={[Function]}
        >
          <a
            href="/films/6"
            onClick={[Function]}
          >
            <div
              className="small-movie-card__image"
              onMouseEnter={[Function]}
              onMouseLeave={[Function]}
            >
              <video
                className="player__video"
              />
            </div>
          </a>
          <h3
            className="small-movie-card__title"
          >
            <a
              className="small-movie-card__link"
              href="/films/6"
              onClick={[Function]}
            >
              Midnight Special
            </a>
          </h3>
        </article>
        <article
          className="small-movie-card catalog__movies-card"
          onClick={[Function]}
        >
          <a
            href="/films/7"
            onClick={[Function]}
          >
            <div
              className="small-movie-card__image"
              onMouseEnter={[Function]}
              onMouseLeave={[Function]}
            >
              <video
                className="player__video"
              />
            </div>
          </a>
          <h3
            className="small-movie-card__title"
          >
            <a
              className="small-movie-card__link"
              href="/films/7"
              onClick={[Function]}
            >
              War of the Worlds
            </a>
          </h3>
        </article>
      </div>
      <div
        className="catalog__more"
      >
        <button
          className="catalog__button"
          onClick={[Function]}
          type="button"
        >
          Show more
        </button>
      </div>
    </section>
    <footer
      className="page-footer"
    >
      <div
        className="logo"
      >
        <a
          className="logo__link logo__link--light"
          href="/"
          onClick={[Function]}
        >
          <span
            className="logo__letter logo__letter--1"
          >
            W
          </span>
          <span
            className="logo__letter logo__letter--2"
          >
            T
          </span>
          <span
            className="logo__letter logo__letter--3"
          >
            W
          </span>
        </a>
      </div>
      <div
        className="copyright"
      >
        <p>
          © 2019 What to watch Ltd.
        </p>
      </div>
    </footer>
  </div>,
]
`;
